[    0.000000] Linux version 4.15.0-65-generic (buildd@lgw01-amd64-006) (gcc version 7.4.0 (Ubuntu 7.4.0-1ubuntu1~18.04.1)) #74-Ubuntu SMP Tue Sep 17 17:06:04 UTC 2019 (Ubuntu 4.15.0-65.74-generic 4.15.18)
[    0.000000] Command line: BOOT_IMAGE=/boot/vmlinuz-4.15.0-65-generic root=UUID=c96d8c50-ee80-4ac7-84c9-80244f1234dc ro console=tty1 console=ttyS0
[    0.000000] KERNEL supported cpus:
[    0.000000]   Intel GenuineIntel
[    0.000000]   AMD AuthenticAMD
[    0.000000]   Centaur CentaurHauls
[    0.000000] x86/fpu: Supporting XSAVE feature 0x001: 'x87 floating point registers'
[    0.000000] x86/fpu: Supporting XSAVE feature 0x002: 'SSE registers'
[    0.000000] x86/fpu: Supporting XSAVE feature 0x004: 'AVX registers'
[    0.000000] x86/fpu: xstate_offset[2]:  576, xstate_sizes[2]:  256
[    0.000000] x86/fpu: Enabled xstate features 0x7, context size is 832 bytes, using 'standard' format.
[    0.000000] e820: BIOS-provided physical RAM map:
[    0.000000] BIOS-e820: [mem 0x0000000000000000-0x000000000009fbff] usable
[    0.000000] BIOS-e820: [mem 0x000000000009fc00-0x000000000009ffff] reserved
[    0.000000] BIOS-e20 [mem 0x00000000f0000-0x00000000000fffff] reserved
[    0.000000] BIOS-e820: [mem 0x0000000000100000-0x000000003ffeffff] usable
[    0.000000] BIOS-e820: [mem 0x000000003fff0000-0x000000003fffffff] ACPI data
[    0.00000] BIOS-e820: [me 0x0000000fc00000-0x00000000ec00fff]reserved
[    0.00000] BIOS-e820: [mem 0x00000000fee00000-0x00000000fee00fff] reserved
[    0.000000] BIOS-e820: [mem 0x00000000fffc0000-0x00000000ffffffff] resered
[    0.000000] NX (Execute Disable) protection: active
[    0.000000] SMBIOS 2.5 present.
[    0.000000] DMI: innotek GmbH VirtualBox/VirtualBox, BIOS VirtuaBox 12/01/2006
[    0.00000] Hypervisor detected: KVM
[    0.000000] 820: lastpfn = 3ff0 max_arch_pfn = 0x400000000
[    0.00000] MTRR: Diisabled
[    0.000000] x86/PAT MTRRs disabled, skipping PAT initialization too.
[    0.000000] CPU MTRRs all blank - virtualized system.
[    0.000000] x86/PAT: Coonfiguration [0-7]: WB  WT  UC- UC  WB WT  UC- UC  
[    0.000000] found SMP MP-table at [mem 0x0009fff0-0x0009ffff]
[    0.000000] Scanning 1 areas for low memory corruption
    0.000000] RAMDISK: [mem 0x35985000-0x36cb9fff]
[    0.000000] ACPI: Early table checksum verification disabled
[    0.000000] ACPI: RSDP 0x00000000000E0000 000024 (v02 VBOX  )
[    0.000000] ACPI: XSDT 0x000000003FFF0030 00003C (v01 VBOX   VBOXXSDT 00000001 ASL  00000061)
[    0.000000] ACPI: FACP 0x000000003FFF00F0 0000F4 (v04 VBOX   VBOXFACP 00000001 ASL  00000061)
[    0.000000] ACPI: DSD0x000000003FFF0470 0021FF (v02 VBOX   VBOXBIOS 00000002 INTL 20100528)
[    0.000000] ACPI: FACS 0x000000003FFF0200 000040
[   0.00000] ACPI: FACS 0x000000003FFF0200 000040
[    0.000000] ACPI: APIC 0x000000003FFF0240 00005C (v02 VBOX   VBOXAPIC 00000001 ASL  00000061)
[    0.000000] ACPI: SSDT 0x0000003FFFA00001CC (1 BOX   VBOXUT00000002 IL 20100528)
[    00000] No NUMA configuration fouund
[    0.000000] Faking a node at [mem 0x0000000000000000-0x000000003ffeffff]
[    0.000000] NODE_DATA(0) allocated [mem 0x3ffc5000-0x3ffeffff]
[    0.000000] kvm-clock: cpu 0, msr 0:3ff44001, primary cpu clock
[    0.000000] kvm-clock: Using msrs 4b564d01 and 4b564d00
[    0.000000] kvm-clock: using sched offset of 4286590 cycles
[   .00000] clockource: kvm-clock: mask: 0xffffffffffffffff max_cycles: 0x1cd42e4dffb, max_idle_ns: 881590591483 ns
[    0.000000] Zone ranges:
[    0.000000]   DMA      [mem 0x0000000000001000-0x0000000000ffffff]
[    0.000000]   DMA32    [mem 0x0000000001000000-0x000000003ffeffff]
[    0.000000]   Normal   empty
[    0.000000]   Device   empty
[    0.000000] Movable zone start for each node
[    0.000000] Early memory node rnges
[     0.000000]   node   0: [mem 0x000000000001000-0x000000000009efff]
[    0.000000]   node   0: [mem 0x0000000000100000-0x000000003ffeffff]
[    0.000000] Reserved but unavailable: 98 pages
[    0.000000] Initmem setup node 0 [mem 0x0000000000001000-0x000000003ffeffff]
[    0.000000] ACPI: PM-Timer IO Port: 0x4008
[    0.000000] IOAPIC[0]: apic_id 2, version 32, address 0xfec0000, GSI 0-23
[    0.000000] ACPI: INT_SRC_OVR (bus 0 bus_irq 0 global_irq 2 dflfl)
[    0.000000] ACPI: INT_SRC_OVR (bus bus_irq 9 global_irq 9 low level)
[    0.000000] Using ACPI (MADT) for SMP configuration information
[    0.000000] mpoot: Allowing 2 CPUs, 0 hotplug CPUs
[    0.000000] PM: Registered nosave memory: [mem 0x00000000-0x00000fff]
[    0.000000] PM: Registered nosave memory: [mem 0x0009f000-0x0009ffff]
[    0.000000] PM: Registered nosave memory: [mem 0x000a0000-0x000effff]
[    0.000000] PM: Registered nosave memory: [mem 0x000f0000-0x000fffff]
[   0.000000] e820: [mem 0x40000000-0xfebfffff] available for PCI devices
[    0.000000] Booting paravirtualized kernel on KVM
[    0.000000] clocksource: refined-jiffies: mask: 0xffffffff maxcycles: 0xffffffff,max_idle_ns: 764551960011568 ns
[    0.000000] random: get_random_bytes called from start_kernel+0x99/0x4fd with crng_init=0
[    0.000000] setup_percpu: NR_CPUS:8192 nr_cpumask_bits:2 nr_cpu_ids:2 nr_node_ids:1
[    0.000000] percpu: Embedded 46 pages/cpu s151552 r8192 d28672 u1048576
[    0.000000] PV qspinlock hash table entries: 256 (order: 0, 4096 bytes)
[    0.000000] Built 1 zonelists, mobility grouping on.  Total pages: 257913
[    0.000000] Policy zone: DMA32
[    0.000000] Kernel command line: BOOT_IMAGE=/boot/vmlinuz-4.15.0-65-generic root=UUID=c96d8c50-ee80-4ac7-84c9-80244f1234dc ro console=tty1 console=ttyS0
[    0.000000] Memory: 982912K/1048120K available (12300K kernel code, 2481K rwdata, 4256K rodata, 2436K iit, 2388K bss, 65208K reserved, 0K cma-reserved)
[    0.00000] SLUB: HWalign=64, Order=0-3, MinObjects=0, CPUs=2, Nodes=1
[    0.000000] Kernel/Uer page tables isolation: enabled
[    0.000000] ftrace: allocating 39301 entries in 154 pages
[    0.004000] Hierarchical RCU implementation.
[    0.004000] 	RCU restricting CPUs from NR_CPUS=8192 to nr_cpu_ids=2.
[    0.004000] 	Tasks RU enabled
[   0.004000] RRCU: djusting geometry for rcu_fanut_leaf=16, nr_cpu_ids=2
[    0.004000] NR_IRQS: 524544, nr_irqs: 440, preallocated irqs: 16
[    0.004000] Conle: colour VGA+ 80x25
[    0.004000consolle [tty1] ebled
   0.004000] console [ttyS0] enled
[    0.004000] ACPI: Core revision 20170831
[    0.004000] ACPI: 2 ACP AML tables successfully acquired and loaded
[    0.004000] APIC: Switch to symmetri I/O mode setup
[    0.004286] x2apic enabled
[    0.008009] Switched APIC routing to physical x2apic.
[    0.013154] ..TIMER: vector=0x30 apic1=0 pin1=2 apic2=-1 pin2=-1
[    0.016009] tsc: Detected 1608.000 MHz processor
[    0.020014] Calibrating delay loop (skipped) preset value.. 3216.00 BogoMIPS (lpj=6432000)
[    0.024010] pid_max: default: 32768 minimum: 301
[    0.028046] Security Framework initialized
[    0.032005] Yama: becoming mindful.
[    0.036040] AppArmor: AppArmor initialized
[    0.041902] Dentry cache hash table entries: 131072 (order: 8, 1048576 bytes)
[    0.044090] Inode-cache hash table entries: 65536 (order: 7, 524288 bytes)
[    0.048029] Mount-cache hash table entries: 2048 (order: 2, 16384 bytes)
[    0.052020] Mountpoint-cache hash table entries: 2048 (order: 2, 16384 bytes)
[    0.056302] Last level iTLB entries: 4KB 64, 2MB 8, 4MB 8
[    0.060006] Last level dTLB entries: 4KB 64, 2MB 0, 4MB 0, 1GB 4
[    0.064007] Spectre V1 : Mitigation: usercopy/swapgs barriers and __user pointer sanitization
[    0.068007] Spectre V2 : Mitigation: Full generic retpoline
[    0.072005] Spectre V2 : Spectre v2 / SpectreRSB mitigation: Filling RSB on context switch
[    0.076006] Speculative Store Bypass: Vulnerable
[    0.080062] MDS: Vulnerable: Clear CPU buffers attempted, no microcode
[    0.084217] Freeing SMP alternatives memory: 36K
[    0.200458] smpboot: CPU0: Intel(R) Core(TM) i5-8210Y CPU @ 1.60GHz (family: 0x6, model: 0x8e, stepping: 0x9)
[    0.203060] Performance Events: unsupported p6 CPU model 142 no PMU driver, software events only.
[    0.204041] Hierarchical SRCU implementation.
[    0.205895] NMI watchdog: Perf event create on CPU 0 failed with -2
[    0.208002] NMI watchdog: Perf NMI watchdog permanently disabled
[    0.209584] smp: Bringing up secondary CPUs ...
[    0.210841] x86: Booting SMP configuration:
[    0.212003] .... node  #0, CPUs:      #1
[    0.004000] kvm-clock: cpu 1, msr 0:3ff44041, secondary cpu clock
[    0.218399] smp: Brought up 1 node, 2 CPUs
[    0.220017] smpboot: Max logical packages: 1
[    0.224012] smpboot: Total of 2 processors activated (6432.00 BogoMIPS)
[    0.228187] devtmpfs: initialized
[    0.232129] x86/mm: Memory block size: 128MB
[    0.236250] evm: security.selinux
[    0.237745] evm: security.SMACK64
[    0.240014] evm: security.SMACK64EXEC
[    0.241347] evm: security.SMACK64TRANSMUTE
[    0.244003] evm: security.SMACK64MMAP
[    0.245179] evm: security.apparmor
[    0.246230] evm: security.ima
[    0.248003] evm: security.capability
[    0.249479] clocksource: jiffies: mask: 0xffffffff max_cycles: 0xffffffff, max_idle_ns: 7645041785100000 ns
[    0.252027] futex hash table entries: 512 (order: 3, 32768 bytes)
[    0.260055] pinctrl core: initialized pinctrl subsystem
[    0.264093] RTC time:  3:26:28, date: 10/15/19
[    0.268346] NET: Registered protocol family 16
[    0.272118] audit: initializing netlink subsys (disabled)
[    0.276017] audit: type=2000 audit(1571109991.761:1): state=initialized audit_enabled=0 res=1
[    0.276257] cpuidle: using governor ladder
[    0.280107] cpuidle: using governor menu
[    0.281385] ACPI: bus type PCI registered
[    0.282986] acpiphp: ACPI Hot Plug PCI Controller Driver version: 0.5
[    0.284172] PCI: Using configuration type 1 for base access
[    0.289042] HugeTLB registered 2.00 MiB page size, pre-allocated 0 pages
[    0.296149] ACPI: Added _OSI(Module Device)
[    0.297753] ACPI: Added _OSI(Processor Device)
[    0.300050] ACPI: Added _OSI(3.0 _SCP Extensions)
[    0.304019] ACPI: Added _OSI(Processor Aggregator Device)
[    0.308010] ACPI: Added _OSI(Linux-Dell-Video)
[    0.310054] ACPI: Added _OSI(Linux-Lenovo-NV-HDMI-Audio)
[    0.312011] ACPI: Added _OSI(Linux-HPI-Hybrid-Graphics)
[    0.316522] ACPI: Executed 1 blocks of module-level executable AML code
[    0.323661] ACPI: Interpreter enabled
[    0.324016] ACPI: (supports S0 S5)
[    0.325046] ACPI: Using IOAPIC for interrupt routing
[    0.328290] PCI: Using host bridge windows from ACPI; if necessary, use "pci=nocrs" and report a bug
[    0.332257] ACPI: Enabled 2 GPEs in block 00 to 07
[    0.344959] ACPI: PCI Root Bridge [PCI0] (domain 0000 [bus 00-ff])
[    0.346837] acpi PNP0A03:00: _OSC: OS supports [ASPM ClockPM Segments MSI]
[    0.348052] acpi PNP0A03:00: _OSC: not requesting OS control; OS requires [ExtendedConfig ASPM ClockPM MSI]
[    0.352018] acpi PNP0A03:00: fail to add MMCONFIG information, can't access extended PCI configuration space under this bridge.
[    0.356643] PCI host bridge to bus 0000:00
[    0.358508] pci_bus 0000:00: root bus resource [io  0x0000-0x0cf7 window]
[    0.360007] pci_bus 0000:00: root bus resource [io  0x0d00-0xffff window]
[    0.364008] pci_bus 0000:00: root bus resource [mem 0x000a0000-0x000bffff window]
[    0.368005] pci_bus 0000:00: root bus resource [mem 0x40000000-0xfdffffff window]
[    0.370406] pci_bus 0000:00: root bus resource [bus 00-ff]
[    0.377787] pci 0000:00:01.1: legacy IDE quirk: reg 0x10: [io  0x01f0-0x01f7]
[    0.380008] pci 0000:00:01.1: legacy IDE quirk: reg 0x14: [io  0x03f6]
[    0.384008] pci 0000:00:01.1: legacy IDE quirk: reg 0x18: [io  0x0170-0x0177]
[    0.386114] pci 0000:00:01.1: legacy IDE quirk: reg 0x1c: [io  0x0376]
[    0.411623] pci 0000:00:07.0: quirk: [io  0x4000-0x403f] claimed by PIIX4 ACPI
[    0.412041] pci 0000:00:07.0: quirk: [io  0x4100-0x410f] claimed by PIIX4 SMB
[    0.431357] ACPI: PCI Interrupt Link [LNKA] (IRQs 5 9 10 *11)
[    0.432564] ACPI: PCI Interrupt Link [LNKB] (IRQs 5 9 *10 11)
[    0.436256] ACPI: PCI Interrupt Link [LNKC] (IRQs 5 *9 10 11)
[    0.439120] ACPI: PCI Interrupt Link [LNKD] (IRQs 5 9 10 *11)
[    0.440684] SCSI subsystem initialized
[    0.442581] pci 0000:00:02.0: vgaarb: setting as boot VGA device
[    0.442581] pci 0000:00:02.0: vgaarb: VGA device added: decodes=io+mem,owns=io+mem,locks=none
[    0.444008] pci 0000:00:02.0: vgaarb: bridge control possible
[    0.448002] vgaarb: loaded
[    0.449053] ACPI: bus type USB registered
[    0.450403] usbcore: registered new interface driver usbfs
[    0.452014] usbcore: registered new interface driver hub
[    0.453762] usbcore: registered new device driver usb
[    0.460030] EDAC MC: Ver: 3.0.0
[    0.461488] PCI: Using ACPI for IRQ routing
[    0.461720] NetLabel: Initializing
[    0.464003] NetLabel:  domain hash size = 128
[    0.468002] NetLabel:  protocols = UNLABELED CIPSOv4 CALIPSO
[    0.472021] NetLabel:  unlabeled traffic allowed by default
[    0.473434] clocksource: Switched to clocksource kvm-clock
[    0.489676] VFS: Disk quotas dquot_6.6.0
[    0.491053] VFS: Dquot-cache hash table entries: 512 (order 0, 4096 bytes)
[    0.498529] AppArmor: AppArmor Filesystem Enabled
[    0.499772] p: PnP ACPI init
[    0.548262] pnp: PnP ACPI: found 3 devices

[    0.561467] clocksource: acpi_pm: mask: 0xffffff max_cycles: 0xffffff, max_idle_ns: 2085701024 ns
[    0.565164] NET: Registered protocol family 2
[    0.567368] TCP established hash table entries: 8192 (order: 4, 65536 bytes)
[    0.569853] TCP bind hash table entries: 8192 (order: 5, 131072 bytes)
[    0.573693] TCP: Hash tables configured (established 8192 bind 8192)
[    0.575937] UDP hash table entries: 512 (order: 2, 16384 bytes)
[    0.578095] UDP-Lite hash table entries: 512 (order: 2, 16384 bytes)
[    0.580292] NET: Registered protocol family 1
[    0.581922] pci 0000:00:00.0: Limiting direct PCI/PCI transfers
[    0.584159] pci 0000:00:01.0: Activating ISA DMA hang workarounds
[    0.586477] pci 0000:00:02.0: Video device with shadoed ROM at [mem 0x000c0000-0x000dffff]
[    0.623485] Unpacking initramfs...

[    0.919181] Freeing initrd memory: 19668K
[    0.978124] clocksource: tsc: mask: 0xffffffffffffffff max_cycles: 0x172daa3a18b, max_idle_ns: 440795212390 ns
[    1.026778] platform rtc_cmos: registered platform RTC device (no PNP device found)
[    1.028933] Scanning for low memory corruption every 60 seconds
[    1.031523] Initialise system trusted keyrings
[    1.034196] Key type blacklist registered
[    1.035631] workingset: timestamp_bits=36 max_order=18 bucket_order=0
[    1.073986] zbud: loaded
[    1.100191] squashfs: version 4.0 (2009/01/31) Phillip Lougher
[    1.115168] fuse init (API version 7.26)
[    1.143969] Key type asymmetric registered
[    1.145259] Asymmetric key parser 'x509' registered
[    1.146552] Block layer SCSI generic (bsg) driver version 0.4 loaded (major 246)
[    1.148507] io scheduler noop registered
[    1.155249] io scheduler deadline registered
[    1.162582] io scheduler cfq registered (default)
[    1.166143] ACPI: AC Adapter [AC] (off-line)
[    1.174173] input: Power Button as /devices/LNXSYSTM:00/LNXPWRBN:00/input/input0
[    1.178068] ACPI: Power Button [PWRF]
[    1.190978] input: Sleep Button as /devices/LNXSYSTM:00/LNXSLPBN:00/input/input1
[    1.199248] ACPI: Sleep Button [SLPF]
[    1.216818] ACPI: Battery Slot [BAT0] (battery present)
[    1.224034] Serial: 8250/16550 driver, 32 ports, IRQ sharing enabled
[  126285]00:0: ttyS0 at I/O 0x3f8 (irq = 4, base_baud = 115200) is a 16550A

[    1.440792] Linux agpgart interface v0.103
[    1.462683] loop: module loaded
[    1.464940] scsi host0: ata_piix
[    1.468519] scsi host1: ata_piix
[    1.481571] ata1: PATA max UDMA/33 cmd 0x1f0 ctl 0x3f6 bmdma 0xd000 irq 14
[    1.520709] ata2: PATA max UDMA/33 cmd 0x170 ctl 0x376 bmdma 0xd008 irq 15
[    1.533215] libphy: Fixed MDIO Bus: probed
[    1.554283] tun: Universal TUN/TAP device driver, 1.6
[    1.558557] PPP generic driver version 2.4.2
[    1.566852] ehci_hcd: USB 2.0 'Enhanced' Host Controller (EHCI) Driver
[    1.603625] ehci-pci: EHCI PCI platform driver
[    1.618637] ehci-platform: EHCI generic platform driver
[    1.626971] ohci_hcd: USB 1.1 'Open' Host Controller (OHCI) Driver
[    1.657406] ohci-pci: OHCI PCI platform driver
[    1.659689] ohci-platform: OHCI generic platform driver
[    1.675086] uhci_hcd: USB Universal Host Controller Interface driver
[    1.678904] i8042: PNP: PS/2 Controller [PNP0303:PS2K,PNP0f03:PS2M] at 0x60,0x64 irq 1,12
[    1.697481] serio: i8042 KBD port at 0x60,0x64 irq 1
[    1.707867] serio: i8042 AUX port at 0x60,0x64 irq 12
[    1.712803] mousedev: PS/2 mouse device common for all mice
[    1.720234] input: AT Translated Set 2 keyboard as /devices/platform/i8042/serio0/input/input2
[    1.724785] rtc_cmos rtc_cmos: rtc core: registered rtc_cmos as rtc0
[    1.816705] rtc_cmos rtc_cmos: alarms up to one day, 114 bytes nvram
[    1.827581] i2c /dev entries driver
[    1.838371] device-mapper: uevent: version 1.0.3
[    1.853797] device-mapper: ioctl: 4.37.0-ioctl (2017-09-20) initialised: dm-devel@redhat.com
[    1.879605] ledtrig-cpu: registered to indicate activity on CPUs
[    1.934130] NET: Registered protocol family 10
[    1.983820] Segment Routing with IPv6
[    1.985605] NET: Registered protocol family 17
[    1.997885] Key type dns_resolver registered
[    2.001881] mce: Using 0 MCE banks
[    2.009860] RAS: Correctable Errors collector initialized.
[    2.012237] sched_clock: Marking stable (2009816626, 0)->(5048984904, -3039168278)
[    2.023262] registered taskstats version 1
[    2.031275] Loading compiled-in X.509 certificates
[    2.055261] Loaded X.509 cert 'Build time autogenerated kernel key: 3a65b6a3c8b5d6b297d77c25be9161529933bc49'
[    2.069837] zswap: loaded using pool lzo/zbud
[    2.085579] Key type big_key registered
[    2.098795] Key type trusted registered
[    2.118525] Key type encrypted registered
[    2.131042] AppArmor: AppArmor sha1 policy hashing enabled
[    2.133434] ima: No TPM chip found, activating TPM-bypass! (rc=-19)
[    2.137108] ima: Allocated hash algorithm: sha1
[    2.138760] evm: HMAC attrs: 0x1
[    2.168207]   Magic number: 7:840:411
[    2.176442] rtc_cmos rtc_cmos: setting system clock to 2019-10-15 03:26:30 UTC (1571109990)
[    2.182765] BIOS EDD facility v0.16 2004-Jun-25, 0 devices found
[    2.190846] EDD information not available.
[    2.198802] Freeing unused kernel image memory: 2436K
[    2.216297] Write protecting the kernel read-only data: 20480k
[    2.221468] Freeing unused kernel image memory: 2008K
[    2.223822] Freeing unused kernel image memory: 1888K
[    2.232552] x86/mm: Checked W+X mappings: passed, no W+X pages found.
[    2.253748] x86/mm: Checking user space page tables
[    2.270372] x86/mm: Checked W+X mappings: passed, no W+X pages found.
Loading, please wait...
starting version 237
[    2.389602] e1000: Intel(R) PRO/1000 Network Driver - version 7.3.21-k8-NAPI
[    2.392282] e1000: Copyright (c) 1999-2006 Intel Corporation.
[    2.394377] Fusion MPT base driver 3.04.20
[    2.395977] Copyright (c) 1999-2008 LSI Corporation
[    2.435638] AVX2 version of gcm_enc/dec engaged.
[    2.437040] AES CTR mode by8 optimization enabled
[    2.442636] Fusion MPT SPI Host driver 3.04.20
[    2.636870] input: ImExPS/2 Generic Explorer Mouse as /devices/platform/i8042/serio1/input/input4
[    2.824042] e1000 0000:00:03.0 eth0: (PCI:33MHz:32-bit) 02:f6:70:42:12:5d
[    3.665706] e1000 0000:00:03.0 eth0: Intel(R) PRO/1000 Network Connection
[    4.034236] mptbase: ioc0: Initiating bringup
[    4.278229] ioc0: LSI53C1030 A0: Capabilities={Initiator}
[    6.170410] scsi host2: ioc0: LSI53C1030 A0, FwRev=00000000h, Ports=1, MaxQ=256, IRQ=20
[    7.666444] scsi 2:0:0:0: Direct-Access     VBOX     HARDDISK         1.0  PQ: 0 ANSI: 5
[    8.072330] scsi target2:0:0: Beginning Domain Validation
[    8.092911] scsi target2:0:0: Domain Validation skipping write tests
[    8.095006] scsi target2:0:0: Ending Domain Validation
[    8.097192] scsi target2:0:0: asynchronous
[    8.099481] scsi 2:0:1:0: Direct-Access     VBOX     HARDDISK         1.0  PQ: 0 ANSI: 5
[    8.125037] e1000 0000:00:08.0 eth1: (PCI:33MHz:32-bit) 08:00:27:8e:6a:71
[    8.126886] e1000 0000:00:08.0 eth1: Intel(R) PRO/1000 Network Connection
[    8.140977] e1000 0000:00:03.0 enp0s3: renamed from eth0
[    8.201175] e1000 0000:00:08.0 enp0s8: renamed from eth1
[    8.220166] scsi target2:0:1: Beginning Domain Validation
[    8.232790] random: fast init done
[    8.236481] scsi target2:0:1: Domain Validation skipping write tests
[    8.245993] scsi target2:0:1: Ending Domain Validation
[    8.247988] scsi target2:0:1: asynchronous
[    8.252784] random: systemd-udevd: uninitialized urandom read (16 bytes read)
[    8.252803] random: systemd-udevd: uninitialized urandom read (16 bytes read)
[    8.256139] random: systemd-udevd: uninitialized urandom read (16 bytes read)
[    8.263955] sd 2:0:0:0: Attached scsi generic sg0 type 0
[    8.273260] sd 2:0:0:0: [sda] 20971520 512-byte logical blocks: (10.7 GB/10.0 GiB)
[    8.274283] sd 2:0:1:0: Attached scsi generic sg1 type 0
[    8.279530] sd 2:0:0:0: [sda] Write Protect is off
[    8.280568] sd 2:0:1:0: [sdb] 20480 512-byte logical blocks: (10.5 MB/10.0 MiB)
[    8.285007] sd 2:0:1:0: [sdb] Write Protect is off
[    8.291919] sd 2:0:0:0: [sda] Incomplete mode parameter data
[    8.292391] sd 2:0:1:0: [sdb] Incomplete mode parameter data
[    8.299497] sd 2:0:0:0: [sda] Assuming drive cache: write through
[    8.315481] sd 2:0:1:0: [sdb] Assuming drive cache: write through
[    8.330672]  sda: sda1
[    8.345952] sd 2:0:0:0: [sda] Attached SCSI disk
[    8.349974] sd 2:0:1:0: [sdb] Attached SCSI disk
Begin: Loading essential drivers ... [    9.944802] raid6: sse2x1   gen()  9594 MB/s
[   10.016170] raid6: sse2x1   xor()  6590 MB/s
[   10.092074] raid6: sse2x2   gen() 11468 MB/s
[   10.140225] raid6: sse2x2   xor()  7802 MB/s
[   10.196121] raid6: sse2x4   gen() 13538 MB/s
[   10.274092] raid6: sse2x4   xor() 10639 MB/s
[   10.346345] raid6: avx2x1   gen() 24304 MB/s
[   10.444017] raid6: avx2x1   xor() 15088 MB/s
[   10.546272] raid6: avx2x2   gen() 33455 MB/s
[   10.616430] raid6: avx2x2   xor() 17006 MB/s
[   10.684905] raid6: avx2x4   gen() 31294 MB/s
[   10.736134] raid6: avx2x4   xor() 11509 MB/s
[   10.738428] raid6: using algorithm avx2x2 gen() 33455 MB/s
[   10.742148] raid6: .... xor() 17006 MB/s, rmw enabled
[   10.746208] raid6: using avx2x2 recovery algorithm
[   10.760497] xor: automatically using best checksumming function   avx       
[   10.772268] async_tx: api initialized (async)
done.
Begin: Running /scripts/init-premount ... done.
Begin: Mounting root file system ... Begin: Running /scripts/local-top ... done.
Begin: Running /scripts/local-premount ... [   10.832840] Btrfs loaded, crc32c=crc32c-intel
Scanning for Btrfs filesystems
done.
Warning: fsck no[   10.872531] EXT4-fs (sda1): mounted filesystem with ordered data mode. Opts: (null)
t present, so skipping root file system
done.
Begin: Running /scripts/local-bottom ... done.
Begin: Running /scripts/init-bottom ... done.
[   11.183792] ip_tables: (C) 2000-2006 Netfilter Core Team
[   11.232332] systemd[1]: systemd 237 running in system mode. (+PAM +AUDIT +SELINUX +IMA +APPARMOR +SMACK +SYSVINIT +UTMP +LIBCRYPTSETUP +GCRYPT +GNUTLS +ACL +XZ +LZ4 +SECCOMP +BLKID +ELFUTILS +KMOD -IDN2 +IDN -PCRE2 default-hierarchy=hybrid)
[   11.425278] systemd[1]: Detected virtualization oracle.
[   11.427003] systemd[1]: Detected architecture x86-64.

Welcome to [1mUbuntu 18.04.3 LTS[0m!

[   11.469613] systemd[1]: Set hostname to <ubuntu-bionic>.
[   11.921731] systemd[1]: Set up automount Arbitrary Executable File Formats File System Automount Point.
[[0;32m  OK  [0m] Set up automount Arbitrary Executabâ€¦rmats File System Automount Point.
[   11.985621] systemd[1]: Created slice System Slice.
[[0;32m  OK  [0m] Created slice System Slice.
[   12.056335] systemd[1]: Listening on Syslog Socket.
[[0;32m  OK  [0m] Listening on Syslog Socket.
[   12.105474] systemd[1]: Listening on /dev/initctl Compatibility Named Pipe.
[[0;32m  OK  [0m] Listening on /dev/initctl Compatibility Named Pipe.
[   12.184044] systemd[1]: Listening on RPCbind Server Activation Socket.
[[0;32m  OK  [0m] Listening on RPCbind Server Activation Socket.
[   12.248839] systemd[1]: Listening on Network Service Netlink Socket.
[[0;32m  OK  [0m] Listening on Network Service Netlink Socket.
[[0;32m  OK  [0m] Listening on LVM2 poll daemon socket.
[[0;32m  OK  [0m] Listening on udev Control Socket.
[[0;32m  OK  [0m] Listening on LVM2 metadata daemon socket.
[[0;32m  OK  [0m] Reached target User and Group Name Lookups.
[[0;32m  OK  [0m] Reached target System Time Synchronized.
[[0;32m  OK  [0m] Listening on Journal Socket.
         Mounting RPC Pipe File System...
         Starting Remount Root and Kernel File Systems...
         Starting Uncomplicated firewall.[   12.468939] RPC: Registered named UNIX socket transport module.
..
[   12.495717] RPC: Registered udp transport module.
[   12.509086] RPC: Registered tcp transport module.
[   12.510928] RPC: Registered tcp NFSv4.1 backchannel transport module.
[   12.511424] EXT4-fs (sda1): re-mounted. Opts: (null)
         Mounting Huge Pages File System...
         Mounting Kernel Debug File System...
         Starting Create list of required stâ€¦ce nodes for the current kernel...
         Starting Set the console keyboard layout...
[[0;32m  OK  [0m] Reached target Swap.
         Mounting POSIX Message Queue File System...
[[0;32m  OK  [0m] Listening on Journal Audit Socket.
[[0;32m  OK  [0m] Created slice system-serial\x2dgetty.slice.
[[0;32m  OK  [0m] Created slice User and Session Slice.
[[0;32m  OK  [0m] Listening on Journal Socket (/dev/log).
         Starting Journal Service...
[[0;32m  OK  [0m] Listening on Device-mapper event daemon FIFOs.
         Starting Monitoring of LVM2 mirrorsâ€¦ng dmeventd or progress polling...
[[0;32m  OK  [0m] Started Forward Password Requests to Wall Directory Watch.
         Starting Load Kernel Modules...
[[0;32m  OK  [0m] Reached target Slices.
[[0;32m  OK  [0m] Listening on udev Kernel Socket.
         Starting udev Coldplug all Devices...
[[0;32m  OK  [0m] Started Journal Service.
[[0;32m  OK  [0m] Mounted RPC Pipe File System.
[[0;32m  OK  [0m] Started Remount Root and Kernel [   12.749797] Loading iSCSI transport class v2.0-870.
File Systems.
[[0;32m  OK  [0m] Started Uncompli[   12.777963] iscsi: registered transport (tcp)
cated firewall.
[[0;32m  OK  [0m] Mounted Huge Pages File System.
[[0;32m  OK  [0m] Mounted Kernel Debug File System.
[[0;32m  OK  [0m] Started Create list of required staâ€¦vice nodes for the current kernel.
[   12.825543] iscsi: registered transport (iser)
[[0;32m  OK  [0m] Started Set the console keyboard layout.
[[0;32m  OK  [0m] Mounted POSIX Message Queue File System.
[[0;32m  OK  [0m] Started Load Kernel Modules.
[[0;32m  OK  [0m] Started LVM2 metadata daemon.
         Starting Apply Kernel Variables...
         Mounting FUSE Control File System...
         Mounting Kernel Configuration File System...
         Starting Create Static Device Nodes in /dev...
         Starting Load/Save Random Seed...
         Starting Flush Journal to Persistent Storage...
[[0;32m  OK  [0m] Started udev Coldplug all Devices.
[[0;32m  OK  [0m] Mounted FUSE Control File System.
[[0;32m  OK  [0m] Started Monitoring of LVM2 mirrors,â€¦sing dmeventd or progress polling.
[[0;32m  OK  [0m] Mounted Kernel Configuration File System.
[[0;32m  OK  [0m] Started Create Static Device Nodes in /dev.
[[0;32m  OK  [0m] Started Apply Kernel Variables.
[[0;32m  OK  [0m] Started Load/Save Random Seed.
         Starting udev Kernel Device Manager...
[[0;32m  OK  [0m] Reached target Local File Systems (Pre).
[[0;32m  OK  [0m] Reached target Local File Systems.
         Starting Preprocess NFS configuration...
         Starting Tell Plymouth To Write Out Runtime Data...
         Starting AppArmor initialization...
         Starting Set console font and keymap...
         Starting ebtables ruleset management...
[[0;32m  OK  [0m] Started Preprocess NFS configuration.
[[0;32m  OK  [0m] Reached target NFS client services.
[[0;32m  OK  [0m] Started Tell Plymouth To Write Out Runtime Data.
[[0;32m  OK  [0m] Started Set console font and keymap.
[[0;32m  OK  [0m] Started udev Kernel Device Manager.
[[0;32m  OK  [0m] Started Dispatch Password Requests to Console Directory Watch.
[[0;32m  OK  [0m] Reached target Local Encrypted Volumes.
[[0;32m  OK  [0m] Started ebtables ruleset management.
[[0;32m  OK  [0m] Started Flush Journal to Persistent Storage.
         Starting Create Volatile Files and Directories...
[[0;32m  OK  [0m] Started Create Volatile Files and Directories.
         Starting Update UTMP about System Boot/Shutdown...
         Starting RPC bind portmap service...
[[0;32m  OK  [0m] Started RPC bind portmap service.
[[0;32m  OK  [0m] Reached target RPC Port Mapper.
[[0;32m  OK  [0m] Started Update UTMP about System Boot/Shutdown.
[[0;32m  OK  [0m] Found device /dev/ttyS0.
[[0;32m  OK  [0m] Started AppArmor initialization.
         Starting Initial cloud-init job (pre-networking)...
[[0;32m  OK  [0m] Listening on Load/Save RF Kill Switch Status /dev/rfkill Watch.
[   15.728254] cloud-init[528]: Cloud-init v. 19.1-1-gbaa47854-0ubuntu1~18.04.1 running 'init-local' at Tue, 15 Oct 2019 03:26:43 +0000. Up 15.48 seconds.
[[0;32m  OK  [0m] Started Initial cloud-init job (pre-networking).
[[0;32m  OK  [0m] Reached target Network (Pre).
         Starting Network Service...
[[0;32m  OK  [0m] Started Network Service.
         Starting Network Name Resolution...
         Starting Wait for Network to be Configured...
[[0;32m  OK  [0m] Started Network Name Resolution.
[[0;32m  OK  [0m] Reached target Network.
[[0;32m  OK  [0m] Reached target Host and Network Name Lookups.
[[0;32m  OK  [0m] Started Wait for Network to be Configured.
         Starting Initial cloud-init job (metadata service crawler)...
[   18.045610] cloud-init[703]: Cloud-init v. 19.1-1-gbaa47854-0ubuntu1~18.04.1 running 'init' at Tue, 15 Oct 2019 03:26:46 +0000. Up 17.88 seconds.
[   18.068529] cloud-init[703]: ci-info: ++++++++++++++++++++++++++++++++++++++Net device info+++++++++++++++++++++++++++++++++++++++
[   18.128232] cloud-init[703]: ci-info: +--------+------+-----------------------------+---------------+--------+-------------------+
[   18.137634] cloud-init[703]: ci-info: | Device |  Up  |           Address           |      Mask     | Scope  |     Hw-Address    |
[   18.156644] cloud-init[703]: ci-info: +--------+------+-----------------------------+---------------+--------+-------------------+
[   18.199645] cloud-init[703]: ci-info: | enp0s3 | True |          10.0.2.15          | 255.255.255.0 | global | 02:f6:70:42:12:5d |
[   18.203250] cloud-init[703]: ci-info: | enp0s3 | True |  fe80::f6:70ff:fe42:125d/64 |       .       |  link  | 02:f6:70:42:12:5d |
[   18.206514] cloud-init[703]: ci-info: | enp0s8 | True |        192.168.33.10        | 255.255.255.0 | global | 08:00:27:8e:6a:71 |
[   18.233263] cloud-init[703]: ci-info: | enp0s8 | True | fe80::a00:27ff:fe8e:6a71/64 |       .       |  link  | 08:00:27:8e:6a:71 |
[   18.252360] cloud-init[703]: ci-info: |   lo   | True |          127.0.0.1          |   255.0.0.0   |  host  |         .         |
[   18.259463] cloud-init[703]: ci-info: |   lo   | True |           ::1/128           |       .       |  host  |         .         |
[   18.263846] cloud-init[703]: ci-info: +--------+------+-----------------------------+---------------+--------+-------------------+
[   18.288788] cloud-init[703]: ci-info: +++++++++++++++++++++++++++++Route IPv4 info+++++++++++++++++++++++++++++
[   18.292387] cloud-init[703]: ci-info: +-------+--------------+----------+-----------------+-----------+-------+
[   18.320373] cloud-init[703]: ci-info: | Route | Destination  | Gateway  |     Genmask     | Interface | Flags |
[   18.368862] cloud-init[703]: ci-info: +-------+--------------+----------+-----------------+-----------+-------+
[[   18.413112] cloud-init[703]: ci-info: |   0   |   0.0.0.0    | 10.0.2.2 |     0.0.0.0     |   enp0s3  |   UG  |
[   18.414024] cloud-init[703]: ci-info: |   1   |   10.0.2.0   | 0.0.0.0  |  255.255.255.0  |   enp0s3  |   U   |
[0;32m  OK  [0m] Started Initial cloud-init job (metadata service crawler).
[   18.414568] cloud-init[703]: ci-info: |   2   |   10.0.2.2   | 0.0.0.0  | 255.255.255.255 |   enp0s3  |   UH  |
[[   18.600497] cloud-init[703]: ci-info: |   3   | 192.168.33.0 | 0.0.0.0  |  255.255.255.0  |   enp0s8  |   U   |
[   18.601150] cloud-init[703]: ci-info: +-------+--------------+----------+-----------------+-----------+-------+
[   18.601774] cloud-init[703]: ci-info: +++++++++++++++++++Route IPv6 info+++++++++++++++++++
[0;32m  OK  [0m] Reached target Cloud-config availability.
[   18.604031] cloud-init[703]: ci-info: +-------+-------------+---------+-----------+-------+
[   18.737246] cloud-init[703]: ci-info: | Route | Destination | Gateway | Interface | Flags |
[   18.737684] cloud-init[703]: ci-info: +-------+-------------+---------+-----------+-------+
[   18.738168] cloud-init[703]: ci-info: |   1   |  fe80::/64  |    ::   |   enp0s8  |   U   |
[   18.738714] cloud-init[703]: ci-info: |   2   |  fe80::/64  |    ::   |   enp0s3  |   U   |
[   18.739264] cloud-init[703]: ci-info: |   4   |    local    |    ::   |   enp0s3  |   U   |
[   18.739782] cloud-init[703]: ci-info: |   5   |    local    |    ::   |   enp0s8  |   U   |
[   18.740954] cloud-init[703]: ci-info: |   6   |   ff00::/8  |    ::   |   enp0s8  |   U   |
[   18.741512] cloud-init[703]: ci-info: |   7   |   ff00::/8  |    ::   |   enp0s3  |   U   |
[   18.742056] cloud-init[703]: ci-info: +-------+-------------+---------+-----------+-------+
[[0;32m  OK  [0m] Reached target System Initialization.
[[0;32m  OK  [0m] Started Daily Cleanup of Temporary Directories.
[[0;32m  OK  [0m] Listening on Open-iSCSI iscsid Socket.
[[0;32m  OK  [0m] Started ACPI Events Check.
[[0;32m  OK  [0m] Reached target Paths.
[[0;32m  OK  [0m] Listening on D-Bus System Message Bus Socket.
[[0;32m  OK  [0m] Started Message of the Day.
[[0;32m  OK  [0m] Started Daily apt download activities.
[[0;32m  OK  [0m] Started Daily apt upgrade and clean activities.
[[0;32m  OK  [0m] Started Discard unused blocks once a week.
[[0;32m  OK  [0m] Reached target Timers.
[[0;32m  OK  [0m] Listening on UUID daemon activation socket.
         Starting LXD - unix socket.
[[0;32m  OK  [0m] Listening on ACPID Listen Socket.
         Starting Socket activation for snappy daemon.
[[0;32m  OK  [0m] Reached target Network is Online.
         Starting Availability of block devices...
[[0;32m  OK  [0m] Reached target Remote File Systems (Pre).
[[0;32m  OK  [0m] Reached target Remote File Systems.
[[0;32m  OK  [0m] Listening on LXD - unix socket.
[[0;32m  OK  [0m] Listening on Socket activation for snappy daemon.
[[0;32m  OK  [0m] Started Availability of block devices.
[[0;32m  OK  [0m] Reached target Sockets.
[[0;32m  OK  [0m] Reached target Basic System.
[[0;32m  OK  [0m] Started D-Bus System Message Bus.
         Starting Message of the Day...
         Starting LSB: Record successful boot for GRUB...
         Starting Accounts Service...
[[0;32m  OK  [0m] Started Deferred execution scheduler.
[[0;32m  OK  [0m] Started Regular background program processing daemon.
         Starting System Logging Service...
         Starting vboxadd.service...
         Starting Dispatcher daemon for systemd-networkd...
         Starting Login Service...
         Starting LSB: automatic crash report generation...
[[0;32m  OK  [0m] Started irqbalance daemon.
         Starting Permit User Sessions...
         Starting Snappy daemon...
         Starting OpenBSD Secure Shell server...
[[0;32m  OK  [0m] Started FUSE filesystem for LXC.
         Starting LXD - container startup/shutdown...
[[0;32m  OK  [0m] Started System Logging Service.
[[0;32m  OK  [0m] Started Permit User Sessions.
[[0;32m  OK  [0m] Started Login Service.
[[0;32m  OK  [0m] Started OpenBSD Secure Shell server.
[[0;32m  OK  [0m] Started Unattended Upgrades Shutdown.
         Starting Authorization Manager...
         Starting Hold until boot process finishes up...
         Starting Terminate Plymouth Boot Screen...
[[0;32m  OK  [0m] Started Hold until boot process finishes up.
         Starting Set console scheme...
[[0;32m  OK  [0m] Started Serial Getty on ttyS0.
[[0;32m  OK  [0m] Started Terminate Plymouth Boot Screen.
[[0;32m  OK  [0m] Started LSB: automatic crash report generation.
[[0;32m  OK  [0m] Started Authorization Manager.
[[0;32m  OK  [0m] Started Accounts Service.
[[0;32m  OK  [0m] Started Set console scheme.
[[0;32m  OK  [0m] Created slice system-getty.slice.
[[0;32m  OK  [0m] Started Getty on tty1.
[[0;32m  OK  [0m] Reached target Login Prompts.
[[0;32m  OK  [0m] Started LSB: Record successful boot for GRUB.
[[0;32m  OK  [0m] Started Snappy daemon.
         Starting Wait until snapd is fully seeded...
[[0;32m  OK  [0m] Started LXD - container startup/shutdown.
[[0;32m  OK  [0m] Started Wait until snapd is fully seeded.
         Starting Apply the settings specified in cloud-config...
[[0;32m  OK  [0m] Started Dispatcher daemon for systemd-networkd.
[[0;32m  OK  [0m] Started vboxadd.service.
         Starting vboxadd-service.service...
[[0;32m  OK  [0m] Started vboxadd-service.service.
[[0;32m  OK  [0m] Reached target Multi-User System.
[[0;32m  OK  [0m] Reached target Graphical Interface.
         Starting Update UTMP about System Runlevel Changes...
[[0;32m  OK  [0m] Started Update UTMP about System Runlevel Changes.
[   20.937873] cloud-init[1155]: Cloud-init v. 19.1-1-gbaa47854-0ubuntu1~18.04.1 running 'modules:config' at Tue, 15 Oct 2019 03:26:49 +0000. Up 20.82 seconds.
[[0;32m  OK  [0m] Started Apply the settings specified in cloud-config.
         Starting Execute cloud user/final scripts...
[[0;32m  OK  [0m] Started Message of the Day.
[   21.614284] cloud-init[1285]: Cloud-init v. 19.1-1-gbaa47854-0ubuntu1~18.04.1 running 'modules:final' at Tue, 15 Oct 2019 03:26:49 +0000. Up 21.48 seconds.
[[0;32m  OK  [0m] Started Execute cloud user/final scripts.
[[0;32m  OK  [0m] Reached target Cloud-init target.
[   21.703153] cloud-init[1285]: Cloud-init v. 19.1-1-gbaa47854-0ubuntu1~18.04.1 finished at Tue, 15 Oct 2019 03:26:49 +0000. Datasource DataSourceNoCloud [seed=/dev/sdb][dsmode=net].  Up 21.60 seconds

Ubuntu 18.04.3 LTS ubuntu-bionic ttyS0

ubuntu-bionic login: 